// Jest Snapshot v1, https://goo.gl/fbAQLP

exports[`NewCampaign matches snapshot 1`] = `
<form
  onSubmit={[Function]}
>
  <WithStyles(PaperField)
    component={[Function]}
    fullWidth={true}
    label="Campaign Name"
    name="name"
    placeholder="A name that identifies this campaign"
  />
  <WithStyles(PaperField)
    component={[Function]}
    fullWidth={true}
    label="Subject"
    name="subject"
    placeholder="Subject of the email"
  />
  <WithStyles(PaperField)
    component="textarea"
    label="Body"
    name="body"
    placeholder="Body of the email"
    style={
      Object {
        "height": "25vh",
        "width": "100%",
      }
    }
  />
  <WithStyles(PaperField)
    component={[Function]}
    fullWidth={true}
    label="List"
    name="listId"
    placeholder="Which list to send this campaign to"
  />
  <NewCampaignButton />
</form>
`;
