// Jest Snapshot v1, https://goo.gl/fbAQLP

exports[`NewList matches snapshot 1`] = `
<NewList__StyledForm
  onSubmit={[Function]}
>
  <NewList__StyledFieldWrapper>
    <NewListNameField
      disabled={false}
      fullWidth={true}
      lists={Array []}
      name="nameOfList"
    />
  </NewList__StyledFieldWrapper>
  <NewList
    disabled={false}
  />
</NewList__StyledForm>
`;
