// Jest Snapshot v1, https://goo.gl/fbAQLP

exports[`NavbarLink matches snapshot 1`] = `
<NavbarLink
  classes={
    Object {
      "ListItem": "NavbarLink-ListItem-1",
      "ListItemIcon": "NavbarLink-ListItemIcon-3",
      "ListItemNested": "NavbarLink-ListItemNested-2",
    }
  }
  nested={null}
  renderIcon={null}
  text="name"
  to="a route"
/>
`;
