// Jest Snapshot v1, https://goo.gl/fbAQLP

exports[`Snackbar matches snapshot 1`] = `
<WithStyles(Snackbar)
  ContentProps={
    Object {
      "aria-describedby": "message-id",
    }
  }
  action={
    Array [
      <WithStyles(IconButton)
        aria-label="Close"
        color="inherit"
        onClick={[Function]}
      >
        <pure(CloseIcon) />
      </WithStyles(IconButton)>,
    ]
  }
  anchorOrigin={
    Object {
      "horizontal": "right",
      "vertical": "bottom",
    }
  }
  autoHideDuration={6000}
  message={
    <span
      id="message-id"
    >
      hello
    </span>
  }
  onClose={[Function]}
  open={false}
/>
`;
