// Jest Snapshot v1, https://goo.gl/fbAQLP

exports[`Layout matches snapshot 1`] = `
<Layout__Wrapper>
  <Layout__Header>
    <Layout__HeaderTitle>
      <h1>
        MailPost
      </h1>
    </Layout__HeaderTitle>
  </Layout__Header>
  <Layout__Nav>
    <Navbar />
  </Layout__Nav>
  <Layout__Main>
    <TestComponent />
  </Layout__Main>
</Layout__Wrapper>
`;
